
--
Log started at 2020-01-22T10:58:11Z
--

[INFO] Timber.Example info
[WARNING] Timber.Example warn
[ERROR] Timber.Example error
[INFO] Timber.Example infof - 1579690691.000000
[WARNING] Timber.Example warnf - 1579690691.000000
[ERROR] Timber.Example errorf - 1579690691.000000

--
Log started at 2020-01-22T10:58:26Z
--

[INFO] Timber.Example info
[WARNING] Timber.Example warn
[ERROR] Timber.Example error
[INFO] Timber.Example infof - 1579690706.000000
[WARNING] Timber.Example warnf - 1579690706.000000
[ERROR] Timber.Example errorf - 1579690706.000000

--
Log started at 2020-01-22T10:58:44Z
--

[DEBUG] Timber.Example trace
[DEBUG] Timber.Example debug
[INFO] Timber.Example info
[WARNING] Timber.Example warn
[ERROR] Timber.Example error
[DEBUG] Timber.Example tracef - 1579690724.000000
[DEBUG] Timber.Example debugf - 1579690724.000000
[INFO] Timber.Example infof - 1579690724.000000
[WARNING] Timber.Example warnf - 1579690724.000000
[ERROR] Timber.Example errorf - 1579690724.000000

--
Log started at 2020-01-22T10:59:50Z
--

[DEBUG] Timber.Example trace
[DEBUG] Timber.Example debug
[INFO] Timber.Example info
[WARNING] Timber.Example warn
[ERROR] Timber.Example error
[DEBUG] Timber.Example.Formatting tracef - 1579690790.000000
[DEBUG] Timber.Example.Formatting debugf - 1579690790.000000
[INFO] Timber.Example.Formatting infof - 1579690790.000000
[WARNING] Timber.Example.Formatting warnf - 1579690790.000000
[ERROR] Timber.Example.Formatting errorf - 1579690790.000000

--
Log started at 2020-01-22T11:06:54Z
--

[DEBUG] Timber.Example trace
[DEBUG] Timber.Example debug
[INFO] Timber.Example info
[WARNING] Timber.Example warn
[ERROR] Timber.Example error
[DEBUG] Timber.Example.Formatters tracef - 1579691214.000000
[DEBUG] Timber.Example.Formatters debugf - 1579691214.000000
[INFO] Timber.Example.Formatters infof - 1579691214.000000
[WARNING] Timber.Example.Formatters warnf - 1579691214.000000
[ERROR] Timber.Example.Formatters errorf - 1579691214.000000

--
Log started at 2020-01-22T11:09:46Z
--

[TRACE] Timber.Example trace
[DEBUG] Timber.Example debug
[INFO]  Timber.Example info
[WARN]  Timber.Example warn
[ERROR] Timber.Example error
[TRACE] Timber.Example.Formatters tracef - 1579691386.000000
[DEBUG] Timber.Example.Formatters debugf - 1579691386.000000
[INFO]  Timber.Example.Formatters infof - 1579691386.000000
[WARN]  Timber.Example.Formatters warnf - 1579691386.000000
[ERROR] Timber.Example.Formatters errorf - 1579691386.000000

--
Log started at 2020-01-22T11:14:17Z
--

[TRACE] Timber.Example trace
[DEBUG] Timber.Example debug
[INFO]  Timber.Example info
[WARN]  Timber.Example warn
[ERROR] Timber.Example error
[TRACE] Timber.Example.Formatters tracef - 1579691657.000000
[DEBUG] Timber.Example.Formatters debugf - 1579691657.000000
[INFO]  Timber.Example.Formatters infof - 1579691657.000000
[WARN]  Timber.Example.Formatters warnf - 1579691657.000000
[ERROR] Timber.Example.Formatters errorf - 1579691657.000000
[PERF]  Global perf took 0.250067s

--
Log started at 2020-01-22T11:15:24Z
--

[TRACE] Timber.Example trace
[DEBUG] Timber.Example debug
[INFO]  Timber.Example info
[WARN]  Timber.Example warn
[ERROR] Timber.Example error
[TRACE] Timber.Example.Formatters tracef - 1579691724.000000
[DEBUG] Timber.Example.Formatters debugf - 1579691724.000000
[INFO]  Timber.Example.Formatters infof - 1579691724.000000
[WARN]  Timber.Example.Formatters warnf - 1579691724.000000
[ERROR] Timber.Example.Formatters errorf - 1579691724.000000
[PERF]  Performance perf took 0.250075s

--
Log started at 2020-01-22T11:15:32Z
--

[TRACE] Timber.Example trace
[DEBUG] Timber.Example debug
[INFO]  Timber.Example info
[WARN]  Timber.Example warn
[ERROR] Timber.Example error
[TRACE] Timber.Example.Formatters tracef - 1579691732.000000
[DEBUG] Timber.Example.Formatters debugf - 1579691732.000000
[INFO]  Timber.Example.Formatters infof - 1579691732.000000
[WARN]  Timber.Example.Formatters warnf - 1579691732.000000
[ERROR] Timber.Example.Formatters errorf - 1579691732.000000
[PERF]  Perf perf took 0.250088s

--
Log started at 2020-01-22T11:15:44Z
--

[TRACE] Timber.Example trace
[DEBUG] Timber.Example debug
[INFO]  Timber.Example info
[WARN]  Timber.Example warn
[ERROR] Timber.Example error
[TRACE] Timber.Example.Formatters tracef - 1579691744.000000
[DEBUG] Timber.Example.Formatters debugf - 1579691744.000000
[INFO]  Timber.Example.Formatters infof - 1579691744.000000
[WARN]  Timber.Example.Formatters warnf - 1579691744.000000
[ERROR] Timber.Example.Formatters errorf - 1579691744.000000
[PERF]  Performance Mesaurement perf took 0.250087s

--
Log started at 2020-01-22T11:16:53Z
--

[TRACE] Timber.Example trace
[DEBUG] Timber.Example debug
[INFO]  Timber.Example info
[WARN]  Timber.Example warn
[ERROR] Timber.Example error
[TRACE] Timber.Example.Formatters tracef - 1579691813.000000
[DEBUG] Timber.Example.Formatters debugf - 1579691813.000000
[INFO]  Timber.Example.Formatters infof - 1579691813.000000
[WARN]  Timber.Example.Formatters warnf - 1579691813.000000
[ERROR] Timber.Example.Formatters errorf - 1579691813.000000
[PERF]  Performance Mesaurement perf took 0.250067s

--
Log started at 2020-01-22T11:18:00Z
--

[TRACE] Timber.Example trace
[DEBUG] Timber.Example debug
[INFO]  Timber.Example info
[WARN]  Timber.Example warn
[ERROR] Timber.Example error
[TRACE] Timber.Example.Formatters tracef - 1579691880.000000
[DEBUG] Timber.Example.Formatters debugf - 1579691880.000000
[INFO]  Timber.Example.Formatters infof - 1579691880.000000
[WARN]  Timber.Example.Formatters warnf - 1579691880.000000
[ERROR] Timber.Example.Formatters errorf - 1579691880.000000
[PERF]  Performance Mesaurement perf took 0.250072s
[DEBUG] Timber.Example.Fn Entering fn
[DEBUG] Timber.Example.Fn Exited fn

--
Log started at 2020-01-22T11:18:15Z
--

[TRACE] Timber.Example trace
[DEBUG] Timber.Example debug
[INFO]  Timber.Example info
[WARN]  Timber.Example warn
[ERROR] Timber.Example error
[TRACE] Timber.Example.Formatters tracef - 1579691895.000000
[DEBUG] Timber.Example.Formatters debugf - 1579691895.000000
[INFO]  Timber.Example.Formatters infof - 1579691895.000000
[WARN]  Timber.Example.Formatters warnf - 1579691895.000000
[ERROR] Timber.Example.Formatters errorf - 1579691895.000000
[PERF]  Performance Mesaurement perf took 0.250076s
[DEBUG] Timber.Example.Fn Entering Unix.sleepf
[DEBUG] Timber.Example.Fn Exited Unix.sleepf

--
Log started at 2020-01-22T11:18:46Z
--

[TRACE] Timber.Example trace
[DEBUG] Timber.Example debug
[INFO]  Timber.Example info
[WARN]  Timber.Example warn
[ERROR] Timber.Example error
[TRACE] Timber.Example.Formatters tracef - 1579691926.000000
[DEBUG] Timber.Example.Formatters debugf - 1579691926.000000
[INFO]  Timber.Example.Formatters infof - 1579691926.000000
[WARN]  Timber.Example.Formatters warnf - 1579691926.000000
[ERROR] Timber.Example.Formatters errorf - 1579691926.000000
[PERF]  Performance Mesaurement perf took 0.250074s
[TRACE] Timber.Example.Fn Entering Unix.sleepf
[TRACE] Timber.Example.Fn Exited Unix.sleepf

--
Log started at 2020-01-22T11:20:27Z
--

[TRACE] Timber.Example trace
[DEBUG] Timber.Example debug
[INFO]  Timber.Example info
[WARN]  Timber.Example warn
[ERROR] Timber.Example error
[TRACE] Timber.Example.Formatters tracef - 0.002376
[DEBUG] Timber.Example.Formatters debugf - 0.000000
[INFO]  Timber.Example.Formatters infof - 0.000000
[WARN]  Timber.Example.Formatters warnf - 0.000000
[ERROR] Timber.Example.Formatters errorf - 1579692027.000000
[PERF]  Performance Mesaurement perf took 0.250087s
[TRACE] Timber.Example.Fn Entering Unix.sleepf
[TRACE] Timber.Example.Fn Exited Unix.sleepf

--
Log started at 2020-01-22T11:21:01Z
--

[TRACE] Timber.Example trace
[DEBUG] Timber.Example debug
[INFO]  Timber.Example info
[WARN]  Timber.Example warn
[ERROR] Timber.Example error
[TRACE] Timber.Example.Formatters tracef - 0.001537
[DEBUG] Timber.Example.Formatters debugf - 0.000000
[INFO]  Timber.Example.Formatters infof - 0.000000
[WARN]  Timber.Example.Formatters warnf - 0.000000
[ERROR] Timber.Example.Formatters errorf - 1579692061.395801
[PERF]  Performance Mesaurement perf took 0.250075s
[TRACE] Timber.Example.Fn Entering Unix.sleepf
[TRACE] Timber.Example.Fn Exited Unix.sleepf

--
Log started at 2020-01-22T11:23:14Z
--

[TRACE] Timber.Example trace
[DEBUG] Timber.Example debug
[INFO]  Timber.Example info
[WARN]  Timber.Example warn
[ERROR] Timber.Example error
[TRACE] Timber.Example.Formatters tracef - User time: 0.002385s
[DEBUG] Timber.Example.Formatters debugf - System time: 0.000000s
[INFO]  Timber.Example.Formatters infof - UID 1000
[WARN]  Timber.Example.Formatters warnf - PID: 7057
[ERROR] Timber.Example.Formatters errorf - Since 1970: 1579692194.421963s
[PERF]  Performance Mesaurement perf took 0.250100s
[TRACE] Timber.Example.Fn Entering Unix.sleepf
[TRACE] Timber.Example.Fn Exited Unix.sleepf

--
Log started at 2020-01-22T11:24:59Z
--

[TRACE] Timber trace
[DEBUG] Timber debug
[INFO]  Timber info
[WARN]  Timber warn
[ERROR] Timber error
[TRACE] Timber.Formatters tracef - User time: 0.001635s
[DEBUG] Timber.Formatters debugf - System time: 0.000000s
[INFO]  Timber.Formatters infof - UID 1000
[WARN]  Timber.Formatters warnf - PID: 7710
[ERROR] Timber.Formatters errorf - Since 1970: 1579692299.730270s
[PERF]  Performance Mesaurement perf took 0.250064s
[TRACE] Timber.Fn Entering Unix.sleepf
[TRACE] Timber.Fn Exited Unix.sleepf

--
Log started at 2020-01-22T11:33:49Z
--

[TRACE] Timber trace
[DEBUG] Timber debug
[INFO]  Timber info
[WARN]  Timber warn
[ERROR] Timber error
[TRACE] Timber.Formatters tracef - User time: 0.001788s
[DEBUG] Timber.Formatters debugf - System time: 0.000000s
[INFO]  Timber.Formatters infof - UID 1000
[WARN]  Timber.Formatters warnf - PID: 9181
[ERROR] Timber.Formatters errorf - Since 1970: 1579692829.652187s
[PERF]  Performance Mesaurement perf took 0.250085s
[TRACE] Timber.Fn Entering Unix.sleepf
[TRACE] Timber.Fn Exited Unix.sleepf

--
Log started at 2020-01-22T11:40:18Z
--

[TRACE] Timber trace
[DEBUG] Timber debug
[INFO]  Timber info
[WARN]  Timber warn
[ERROR] Timber error
[TRACE] Timber.Formatters tracef - User time: 0.002118s
[DEBUG] Timber.Formatters debugf - System time: 0.000000s
[INFO]  Timber.Formatters infof - UID 1000
[WARN]  Timber.Formatters warnf - PID: 11664
[ERROR] Timber.Formatters errorf - Since 1970: 1579693218.367247s
[PERF]  Performance Mesaurement perf took 0.250072s
[TRACE] Timber.Fn Entering Unix.sleepf
[TRACE] Timber.Fn Exited Unix.sleepf
[TRACE] Timber.Fn Entering Unix.getppid
[TRACE] Timber.Fn Exited Unix.getppid with 11638

--
Log started at 2020-01-22T11:42:54Z
--

[TRACE] Timber trace
[DEBUG] Timber debug
[INFO]  Timber info
[WARN]  Timber warn
[ERROR] Timber error
[TRACE] Timber.Formatters tracef - User time: 0.002379s
[DEBUG] Timber.Formatters debugf - System time: 0.000000s
[INFO]  Timber.Formatters infof - UID 1000
[WARN]  Timber.Formatters warnf - PID: 12475
[ERROR] Timber.Formatters errorf - Since 1970: 1579693374.284510s
[PERF]  Performance Mesaurement perf took 0.250065s
[TRACE] Timber.Fn Entering Unix.sleepf
[TRACE] Timber.Fn Exited Unix.sleepf
[TRACE] Timber.Fn Entering Unix.getppid
[TRACE] Timber.Fn Exited Unix.getppid with 12426

--
Log started at 2020-01-22T12:11:28Z
--

[TRACE] Timber trace
[DEBUG] Timber debug
[INFO]  Timber info
[WARN]  Timber warn
[ERROR] Timber error
[TRACE] Timber.Formatters tracef - User time: 0.002102s
[DEBUG] Timber.Formatters debugf - System time: 0.000000s
[INFO]  Timber.Formatters infof - UID 1000
[WARN]  Timber.Formatters warnf - PID: 21376
[ERROR] Timber.Formatters errorf - Since 1970: 1579695088.533033s
[PERF]  Performance Mesaurement perf took 0.250073s
[TRACE] Timber.Fn Entering Unix.sleepf
[TRACE] Timber.Fn Exited Unix.sleepf
[TRACE] Timber.Fn Entering Unix.getppid
[TRACE] Timber.Fn Exited Unix.getppid with 21298

--
Log started at 2020-01-22T13:04:27Z
--

[TRACE] Timber trace
[DEBUG] Timber debug
[INFO]  Timber info
[WARN]  Timber warn
[ERROR] Timber error
[TRACE] Timber.Formatters tracef - User time: 0.002187s
[DEBUG] Timber.Formatters debugf - System time: 0.000000s
[INFO]  Timber.Formatters infof - UID 1000
[WARN]  Timber.Formatters warnf - PID: 3825
[ERROR] Timber.Formatters errorf - Since 1970: 1579698267.406315s
[PERF]  Performance Mesaurement perf took 0.250074s
[TRACE] Timber.Fn Entering Unix.sleepf
[TRACE] Timber.Fn Exited Unix.sleepf
[TRACE] Timber.Fn Entering Unix.getppid
[TRACE] Timber.Fn Exited Unix.getppid with 3747

--
Log started at 2020-01-22T13:10:53Z
--

[TRACE] Timber trace
[DEBUG] Timber debug
[INFO]  Timber info
[WARN]  Timber warn
[ERROR] Timber error
[TRACE] Timber.Formatters tracef - User time: 0.002178s
[DEBUG] Timber.Formatters debugf - System time: 0.000000s
[INFO]  Timber.Formatters infof - UID 1000
[WARN]  Timber.Formatters warnf - PID: 5776
[ERROR] Timber.Formatters errorf - Since 1970: 1579698653.060107s
[PERF]  Performance Mesaurement perf took 0.250073s
[TRACE] Timber.Fn Entering Unix.sleepf
[TRACE] Timber.Fn Exited Unix.sleepf
[TRACE] Timber.Fn Entering Unix.getppid
[TRACE] Timber.Fn Exited Unix.getppid with 5751

--
Log started at 2020-01-22T13:17:37Z
--

[INFO]  Timber info
[WARN]  Timber warn
[ERROR] Timber error
[INFO]  Timber.Formatters infof - UID 1000
[WARN]  Timber.Formatters warnf - PID: 8938
[ERROR] Timber.Formatters errorf - Since 1970: 1579699057.048845s

--
Log started at 2020-01-22T13:18:13Z
--

[DEBUG] Timber debug
[INFO]  Timber info
[WARN]  Timber warn
[ERROR] Timber error
[DEBUG] Timber.Formatters debugf - System time: 0.001516s
[INFO]  Timber.Formatters infof - UID 1000
[WARN]  Timber.Formatters warnf - PID: 9114
[ERROR] Timber.Formatters errorf - Since 1970: 1579699093.448282s

--
Log started at 2020-01-22T13:19:01Z
--

[DEBUG] Timber debug
[INFO]  Timber info
[WARN]  Timber warn
[ERROR] Timber error
[DEBUG] Timber.Formatters debugf - System time: 0.000000s
[INFO]  Timber.Formatters infof - UID 1000
[WARN]  Timber.Formatters warnf - PID: 9449
[ERROR] Timber.Formatters errorf - Since 1970: 1579699141.358307s

--
Log started at 2020-01-22T13:19:10Z
--

[TRACE] Timber trace
[DEBUG] Timber debug
[INFO]  Timber info
[WARN]  Timber warn
[ERROR] Timber error
[TRACE] Timber.Formatters tracef - User time: 0.001898s
[DEBUG] Timber.Formatters debugf - System time: 0.000000s
[INFO]  Timber.Formatters infof - UID 1000
[WARN]  Timber.Formatters warnf - PID: 9634
[ERROR] Timber.Formatters errorf - Since 1970: 1579699150.351022s
[PERF]  Performance Mesaurement perf took 0.250063s
[TRACE] Timber.Fn Entering Unix.sleepf
[TRACE] Timber.Fn Exited Unix.sleepf
[TRACE] Timber.Fn Entering Unix.getppid
[TRACE] Timber.Fn Exited Unix.getppid with 9608

--
Log started at 2020-01-22T13:21:12Z
--

[TRACE] Timber trace
[DEBUG] Timber debug
[INFO]  Timber info
[WARN]  Timber warn
[ERROR] Timber error
[TRACE] Timber.Formatters tracef - User time: 0.002167s
[DEBUG] Timber.Formatters debugf - System time: 0.000000s
[INFO]  Timber.Formatters infof - UID 1000
[WARN]  Timber.Formatters warnf - PID: 9997
[ERROR] Timber.Formatters errorf - Since 1970: 1579699272.132596s
[PERF]  Performance Mesaurement perf took 0.250074s
[TRACE] Timber.Fn Entering Unix.sleepf
[TRACE] Timber.Fn Exited Unix.sleepf
[TRACE] Timber.Fn Entering Unix.getppid
[TRACE] Timber.Fn Exited Unix.getppid with 9940

--
Log started at 2020-01-22T13:22:09Z
--

[TRACE] Timber trace
[DEBUG] Timber debug
[INFO]  Timber info
[WARN]  Timber warn
[ERROR] Timber error
[TRACE] Timber.Formatters tracef - User time: 0.002331s
[DEBUG] Timber.Formatters debugf - System time: 0.000000s
[INFO]  Timber.Formatters infof - UID 1000
[WARN]  Timber.Formatters warnf - PID: 10416
[ERROR] Timber.Formatters errorf - Since 1970: 1579699329.433513s
[PERF]  Performance Mesaurement perf took 0.250070s
[TRACE] Timber.Fn Entering Unix.sleepf
[TRACE] Timber.Fn Exited Unix.sleepf
[TRACE] Timber.Fn Entering Unix.getppid
[TRACE] Timber.Fn Exited Unix.getppid with 10372

--
Log started at 2020-01-22T13:22:31Z
--

[TRACE] Timber trace
[DEBUG] Timber debug
[INFO]  Timber info
[WARN]  Timber warn
[ERROR] Timber error
[TRACE] Timber.Formatters tracef - User time: 0.002362s
[DEBUG] Timber.Formatters debugf - System time: 0.000000s
[INFO]  Timber.Formatters infof - UID 1000
[WARN]  Timber.Formatters warnf - PID: 10613
[ERROR] Timber.Formatters errorf - Since 1970: 1579699351.316575s
[PERF]  Performance Mesaurement perf took 0.250071s
[TRACE] Timber.Fn Entering Unix.sleepf
[TRACE] Timber.Fn Exited Unix.sleepf
[TRACE] Timber.Fn Entering Unix.getppid
[TRACE] Timber.Fn Exited Unix.getppid with 10563
